g:\o3de\lsemp3d\o3degems\angelscript\external\angelscript_2.37.0\sdk\angelscript\lib\angelscript64.pdb
g:\o3de\lsemp3d\o3degems\angelscript\external\angelscript_2.37.0\sdk\angelscript\projects\msvc2022\angelscript\x64\release\as_datatype.obj
g:\o3de\lsemp3d\o3degems\angelscript\external\angelscript_2.37.0\sdk\angelscript\projects\msvc2022\angelscript\x64\release\as_context.obj
g:\o3de\lsemp3d\o3degems\angelscript\external\angelscript_2.37.0\sdk\angelscript\projects\msvc2022\angelscript\x64\release\as_configgroup.obj
g:\o3de\lsemp3d\o3degems\angelscript\external\angelscript_2.37.0\sdk\angelscript\projects\msvc2022\angelscript\x64\release\as_compiler.obj
g:\o3de\lsemp3d\o3degems\angelscript\external\angelscript_2.37.0\sdk\angelscript\projects\msvc2022\angelscript\x64\release\as_callfunc_xenon.obj
g:\o3de\lsemp3d\o3degems\angelscript\external\angelscript_2.37.0\sdk\angelscript\projects\msvc2022\angelscript\x64\release\as_callfunc_x86.obj
g:\o3de\lsemp3d\o3degems\angelscript\external\angelscript_2.37.0\sdk\angelscript\projects\msvc2022\angelscript\x64\release\as_callfunc_x64_msvc.obj
g:\o3de\lsemp3d\o3degems\angelscript\external\angelscript_2.37.0\sdk\angelscript\projects\msvc2022\angelscript\x64\release\as_callfunc_x64_mingw.obj
g:\o3de\lsemp3d\o3degems\angelscript\external\angelscript_2.37.0\sdk\angelscript\projects\msvc2022\angelscript\x64\release\as_callfunc_x64_gcc.obj
g:\o3de\lsemp3d\o3degems\angelscript\external\angelscript_2.37.0\sdk\angelscript\projects\msvc2022\angelscript\x64\release\as_callfunc_sh4.obj
g:\o3de\lsemp3d\o3degems\angelscript\external\angelscript_2.37.0\sdk\angelscript\projects\msvc2022\angelscript\x64\release\as_callfunc_riscv64.obj
g:\o3de\lsemp3d\o3degems\angelscript\external\angelscript_2.37.0\sdk\angelscript\projects\msvc2022\angelscript\x64\release\as_callfunc_ppc_64.obj
g:\o3de\lsemp3d\o3degems\angelscript\external\angelscript_2.37.0\sdk\angelscript\projects\msvc2022\angelscript\x64\release\as_callfunc_ppc.obj
g:\o3de\lsemp3d\o3degems\angelscript\external\angelscript_2.37.0\sdk\angelscript\projects\msvc2022\angelscript\x64\release\as_callfunc_mips.obj
g:\o3de\lsemp3d\o3degems\angelscript\external\angelscript_2.37.0\sdk\angelscript\projects\msvc2022\angelscript\x64\release\as_callfunc_arm64.obj
g:\o3de\lsemp3d\o3degems\angelscript\external\angelscript_2.37.0\sdk\angelscript\projects\msvc2022\angelscript\x64\release\as_callfunc_arm.obj
g:\o3de\lsemp3d\o3degems\angelscript\external\angelscript_2.37.0\sdk\angelscript\projects\msvc2022\angelscript\x64\release\as_callfunc.obj
g:\o3de\lsemp3d\o3degems\angelscript\external\angelscript_2.37.0\sdk\angelscript\projects\msvc2022\angelscript\x64\release\as_bytecode.obj
g:\o3de\lsemp3d\o3degems\angelscript\external\angelscript_2.37.0\sdk\angelscript\projects\msvc2022\angelscript\x64\release\as_builder.obj
g:\o3de\lsemp3d\o3degems\angelscript\external\angelscript_2.37.0\sdk\angelscript\projects\msvc2022\angelscript\x64\release\as_atomic.obj
g:\o3de\lsemp3d\o3degems\angelscript\external\angelscript_2.37.0\sdk\angelscript\projects\msvc2022\angelscript\x64\release\as_variablescope.obj
g:\o3de\lsemp3d\o3degems\angelscript\external\angelscript_2.37.0\sdk\angelscript\projects\msvc2022\angelscript\x64\release\as_typeinfo.obj
g:\o3de\lsemp3d\o3degems\angelscript\external\angelscript_2.37.0\sdk\angelscript\projects\msvc2022\angelscript\x64\release\as_tokenizer.obj
g:\o3de\lsemp3d\o3degems\angelscript\external\angelscript_2.37.0\sdk\angelscript\projects\msvc2022\angelscript\x64\release\as_thread.obj
g:\o3de\lsemp3d\o3degems\angelscript\external\angelscript_2.37.0\sdk\angelscript\projects\msvc2022\angelscript\x64\release\as_string_util.obj
g:\o3de\lsemp3d\o3degems\angelscript\external\angelscript_2.37.0\sdk\angelscript\projects\msvc2022\angelscript\x64\release\as_string.obj
g:\o3de\lsemp3d\o3degems\angelscript\external\angelscript_2.37.0\sdk\angelscript\projects\msvc2022\angelscript\x64\release\as_scriptobject.obj
g:\o3de\lsemp3d\o3degems\angelscript\external\angelscript_2.37.0\sdk\angelscript\projects\msvc2022\angelscript\x64\release\as_scriptnode.obj
g:\o3de\lsemp3d\o3degems\angelscript\external\angelscript_2.37.0\sdk\angelscript\projects\msvc2022\angelscript\x64\release\as_scriptfunction.obj
g:\o3de\lsemp3d\o3degems\angelscript\external\angelscript_2.37.0\sdk\angelscript\projects\msvc2022\angelscript\x64\release\as_scriptengine.obj
g:\o3de\lsemp3d\o3degems\angelscript\external\angelscript_2.37.0\sdk\angelscript\projects\msvc2022\angelscript\x64\release\as_scriptcode.obj
g:\o3de\lsemp3d\o3degems\angelscript\external\angelscript_2.37.0\sdk\angelscript\projects\msvc2022\angelscript\x64\release\as_restore.obj
g:\o3de\lsemp3d\o3degems\angelscript\external\angelscript_2.37.0\sdk\angelscript\projects\msvc2022\angelscript\x64\release\as_parser.obj
g:\o3de\lsemp3d\o3degems\angelscript\external\angelscript_2.37.0\sdk\angelscript\projects\msvc2022\angelscript\x64\release\as_outputbuffer.obj
g:\o3de\lsemp3d\o3degems\angelscript\external\angelscript_2.37.0\sdk\angelscript\projects\msvc2022\angelscript\x64\release\as_objecttype.obj
g:\o3de\lsemp3d\o3degems\angelscript\external\angelscript_2.37.0\sdk\angelscript\projects\msvc2022\angelscript\x64\release\as_module.obj
g:\o3de\lsemp3d\o3degems\angelscript\external\angelscript_2.37.0\sdk\angelscript\projects\msvc2022\angelscript\x64\release\as_memory.obj
g:\o3de\lsemp3d\o3degems\angelscript\external\angelscript_2.37.0\sdk\angelscript\projects\msvc2022\angelscript\x64\release\as_globalproperty.obj
g:\o3de\lsemp3d\o3degems\angelscript\external\angelscript_2.37.0\sdk\angelscript\projects\msvc2022\angelscript\x64\release\as_generic.obj
g:\o3de\lsemp3d\o3degems\angelscript\external\angelscript_2.37.0\sdk\angelscript\projects\msvc2022\angelscript\x64\release\as_gc.obj
g:\o3de\lsemp3d\o3degems\angelscript\external\angelscript_2.37.0\sdk\angelscript\projects\msvc2022\release\as_callfunc_x64_msvc_asm.obj
g:\o3de\lsemp3d\o3degems\angelscript\external\angelscript_2.37.0\sdk\angelscript\lib\angelscript64.lib
g:\o3de\lsemp3d\o3degems\angelscript\external\angelscript_2.37.0\sdk\angelscript\projects\msvc2022\angelscript\x64\release\angelscript.tlog\cl.command.1.tlog
g:\o3de\lsemp3d\o3degems\angelscript\external\angelscript_2.37.0\sdk\angelscript\projects\msvc2022\angelscript\x64\release\angelscript.tlog\cl.items.tlog
g:\o3de\lsemp3d\o3degems\angelscript\external\angelscript_2.37.0\sdk\angelscript\projects\msvc2022\angelscript\x64\release\angelscript.tlog\cl.read.1.tlog
g:\o3de\lsemp3d\o3degems\angelscript\external\angelscript_2.37.0\sdk\angelscript\projects\msvc2022\angelscript\x64\release\angelscript.tlog\cl.write.1.tlog
g:\o3de\lsemp3d\o3degems\angelscript\external\angelscript_2.37.0\sdk\angelscript\projects\msvc2022\angelscript\x64\release\angelscript.tlog\custombuild.command.1.tlog
g:\o3de\lsemp3d\o3degems\angelscript\external\angelscript_2.37.0\sdk\angelscript\projects\msvc2022\angelscript\x64\release\angelscript.tlog\custombuild.read.1.tlog
g:\o3de\lsemp3d\o3degems\angelscript\external\angelscript_2.37.0\sdk\angelscript\projects\msvc2022\angelscript\x64\release\angelscript.tlog\custombuild.write.1.tlog
g:\o3de\lsemp3d\o3degems\angelscript\external\angelscript_2.37.0\sdk\angelscript\projects\msvc2022\angelscript\x64\release\angelscript.tlog\lib-link.read.1.tlog
g:\o3de\lsemp3d\o3degems\angelscript\external\angelscript_2.37.0\sdk\angelscript\projects\msvc2022\angelscript\x64\release\angelscript.tlog\lib-link.write.1.tlog
g:\o3de\lsemp3d\o3degems\angelscript\external\angelscript_2.37.0\sdk\angelscript\projects\msvc2022\angelscript\x64\release\angelscript.tlog\lib.command.1.tlog
